0.2141650169574414 0.9999946851475886 0.9999998439360778 0.5451268671091033 
