0.7629642134640099 0.3527438418234110 0.8474836831387062 0.9144326474050334 0.9966982650219126 0.0002815271783269 0.2359524002025340 0.0005327102768537 0.9999971494621168 
0.4029953208617525 0.6959318743437266 0.3619293469651366 0.2819114248166502 0.1652048701906146 0.9986683447247396 0.7132047500887643 0.9887935936781571 0.0006163986844695 
