0.5378101854290160 0.5403463667307705 0.5417393574273973 0.5371599872127125 
