0.5378101854290160 0.5403463667307705 0.5417393574273973 0.5371599872127125 
0.5047290100098861 0.4985049311868007 0.5017366013793381 0.5045774835823850 
