0.9966982650219126 0.9966982650219126 0.9966982650219126 0.9999971494621168 
0.6959318743437266 0.9986683447247396 0.9887935936781571 0.9986683447247396 
