0.7567097419285917 0.5493018292905892 0.5369040057265834 0.4993774129848025 
0.3865108725531860 0.5554336090560544 0.5372786596935465 0.5383208018194952 
