0.5088904146100195 0.4986957111591845 0.5046832302119197 0.5039850601568792 
0.5092943856523890 0.4991206388004443 0.5028305595325003 0.5044099598769001 
0.5092926405381615 0.4991230912505340 0.5028283703380752 0.5044103169942498 
0.5092933187874169 0.4991203728593423 0.5028301413351534 0.5044085343662456 
0.5055602148982768 0.5008909412054444 0.4984636421845067 0.5056003420316940 
0.5092938070247326 0.4991213222906794 0.5028299509039865 0.5044094612098935 
0.5050178568137174 0.5036853746876982 0.4973512965085196 0.5054964670670615 
0.5092943486154496 0.4991206724100340 0.5028305152833744 0.5044099571061112 
0.5101737190685536 0.5039050315096417 0.4988811766117093 0.5091930350318245 
0.5119454211262976 0.5016016031792396 0.5004658466882712 0.5068906087198549 
